
================================================================================
🎯 MASTER HADITH IMPORT ORCHESTRATOR
================================================================================
This will import complete hadith data from all available sources
Sources: CSV files, Fawaz API, HadeethEnc API, Bangla Hadith API
Languages: All available translations (17+ languages)

Estimated time: 4-8 hours depending on internet speed

================================================================================
🎯 STEP 5: FIXING MISSING AND INCORRECT DATA
================================================================================
📊 Updating book total hadith counts...
📖 Updating chapter total hadith counts...
🔗 Fixing chapter assignments...
🧹 Cleaning up orphaned translations...
✅ Data fixes completed

================================================================================
🎯 STEP 6: VERIFICATION
================================================================================
✅ Books: 8
✅ Book Localizations: 41
✅ Chapters: 241
✅ Categories: 521
✅ Category Localizations: 12773
✅ Hadiths: 2587
✅ Hadith Translations: 43660
✅ Hadith-Category Links: 2920

🌍 Translation Coverage by Language:
   zh (Chinese): 2587 translations (100.0%)
   hi (Hindi): 2587 translations (100.0%)
   fa (Persian): 2587 translations (100.0%)
   bs (Bosnian): 2587 translations (100.0%)
   fr (French): 2587 translations (100.0%)
   id (Indonesian): 2587 translations (100.0%)
   ru (Russian): 2587 translations (100.0%)
   es (Spanish): 2455 translations (94.9%)
   tl (Tagalog): 2410 translations (93.2%)
   si (Sinhala): 1764 translations (68.2%)
   vi (Vietnamese): 1661 translations (64.2%)
   ug (Uyghur): 1628 translations (62.9%)
   en (English): 579 translations (22.4%)
   ha (Hausa): 579 translations (22.4%)
   it (Italian): 579 translations (22.4%)
   ku (Kurdish): 579 translations (22.4%)
   ml (Malayalam): 579 translations (22.4%)
   ms (Malay): 579 translations (22.4%)
   nl (Dutch): 579 translations (22.4%)
   am (Amharic): 579 translations (22.4%)
   pt (Portuguese): 579 translations (22.4%)
   ro (Romanian): 579 translations (22.4%)
   ar (Arabic): 579 translations (22.4%)
   az (Azerbaijani): 579 translations (22.4%)
   so (Somali): 579 translations (22.4%)
   sq (Albanian): 579 translations (22.4%)
   sv (Swedish): 579 translations (22.4%)
   sw (Swahili): 579 translations (22.4%)
   ta (Tamil): 579 translations (22.4%)
   tg (Tajik): 579 translations (22.4%)
   th (Thai): 579 translations (22.4%)
   bn (Bengali): 579 translations (22.4%)
   tr (Turkish): 579 translations (22.4%)
   cs (Czech): 579 translations (22.4%)
   ur (Urdu): 579 translations (22.4%)
   uz (Uzbek): 579 translations (22.4%)
   de (German): 579 translations (22.4%)
   yo (Yoruba): 579 translations (22.4%)
   ps (Pashto): 579 translations (22.4%)

⚠️  Languages with missing translations:
   ar (Arabic): 2008 missing (77.6%)
   en (English): 2008 missing (77.6%)
   ur (Urdu): 2008 missing (77.6%)
   bn (Bengali): 2008 missing (77.6%)
   tr (Turkish): 2008 missing (77.6%)
   de (German): 2008 missing (77.6%)
   es (Spanish): 132 missing (5.1%)
   ms (Malay): 2008 missing (77.6%)
   ml (Malayalam): 2008 missing (77.6%)
   pt (Portuguese): 2008 missing (77.6%)
   ta (Tamil): 2008 missing (77.6%)
   it (Italian): 2008 missing (77.6%)
   am (Amharic): 2008 missing (77.6%)
   az (Azerbaijani): 2008 missing (77.6%)
   cs (Czech): 2008 missing (77.6%)
   ha (Hausa): 2008 missing (77.6%)
   ku (Kurdish): 2008 missing (77.6%)
   nl (Dutch): 2008 missing (77.6%)
   ps (Pashto): 2008 missing (77.6%)
   ro (Romanian): 2008 missing (77.6%)
   si (Sinhala): 823 missing (31.8%)
   so (Somali): 2008 missing (77.6%)
   sq (Albanian): 2008 missing (77.6%)
   sv (Swedish): 2008 missing (77.6%)
   sw (Swahili): 2008 missing (77.6%)
   tg (Tajik): 2008 missing (77.6%)
   th (Thai): 2008 missing (77.6%)
   ug (Uyghur): 959 missing (37.1%)
   uz (Uzbek): 2008 missing (77.6%)
   vi (Vietnamese): 926 missing (35.8%)
   yo (Yoruba): 2008 missing (77.6%)
   tl (Tagalog): 177 missing (6.8%)

================================================================================
🎯 IMPORT COMPLETED SUCCESSFULLY
================================================================================
⏱️  Total time: 0.0 minutes
🎉 Your Hadith API now has complete data coverage!
